=== 2026-09-04T13:31:06-04:00 ===
Disk quotas for user djk255 (uid 1905238003): 
     Filesystem   space   quota   limit   grace   files   quota   limit   grace
communis.lcsr.rutgers.edu:/common/home
                 31753M  51200M  51200M            232k       0       0        
eternal.lcsr.rutgers.edu:/common/users
                     0K    250G    250G               1       0       0        
124M	runs/full_report_run_4model
=== 2026-09-04T13:36:07-04:00 ===
Disk quotas for user djk255 (uid 1905238003): 
     Filesystem   space   quota   limit   grace   files   quota   limit   grace
communis.lcsr.rutgers.edu:/common/home
                 33299M  51200M  51200M            233k       0       0        
eternal.lcsr.rutgers.edu:/common/users
                     0K    250G    250G               1       0       0        
1.7G	runs/full_report_run_4model
=== 2026-09-04T13:41:07-04:00 ===
Disk quotas for user djk255 (uid 1905238003): 
     Filesystem   space   quota   limit   grace   files   quota   limit   grace
communis.lcsr.rutgers.edu:/common/home
                 32671M  51200M  51200M            232k       0       0        
eternal.lcsr.rutgers.edu:/common/users
                     0K    250G    250G               1       0       0        
1.1G	runs/full_report_run_4model
=== 2026-09-04T13:46:07-04:00 ===
Disk quotas for user djk255 (uid 1905238003): 
     Filesystem   space   quota   limit   grace   files   quota   limit   grace
communis.lcsr.rutgers.edu:/common/home
                 32671M  51200M  51200M            232k       0       0        
eternal.lcsr.rutgers.edu:/common/users
                     0K    250G    250G               1       0       0        
1.1G	runs/full_report_run_4model
=== 2026-09-04T13:51:08-04:00 ===
Disk quotas for user djk255 (uid 1905238003): 
     Filesystem   space   quota   limit   grace   files   quota   limit   grace
communis.lcsr.rutgers.edu:/common/home
                 32671M  51200M  51200M            232k       0       0        
eternal.lcsr.rutgers.edu:/common/users
                     0K    250G    250G               1       0       0        
1.1G	runs/full_report_run_4model
=== 2026-09-04T13:56:08-04:00 ===
Disk quotas for user djk255 (uid 1905238003): 
     Filesystem   space   quota   limit   grace   files   quota   limit   grace
communis.lcsr.rutgers.edu:/common/home
                 32671M  51200M  51200M            232k       0       0        
eternal.lcsr.rutgers.edu:/common/users
                     0K    250G    250G               1       0       0        
1.1G	runs/full_report_run_4model
=== 2026-09-04T14:01:08-04:00 ===
Disk quotas for user djk255 (uid 1905238003): 
     Filesystem   space   quota   limit   grace   files   quota   limit   grace
communis.lcsr.rutgers.edu:/common/home
                 32671M  51200M  51200M            232k       0       0        
eternal.lcsr.rutgers.edu:/common/users
                     0K    250G    250G               1       0       0        
1.1G	runs/full_report_run_4model
=== 2026-09-04T14:06:09-04:00 ===
Disk quotas for user djk255 (uid 1905238003): 
     Filesystem   space   quota   limit   grace   files   quota   limit   grace
communis.lcsr.rutgers.edu:/common/home
                 32671M  51200M  51200M            232k       0       0        
eternal.lcsr.rutgers.edu:/common/users
                     0K    250G    250G               1       0       0        
1.1G	runs/full_report_run_4model
=== 2026-09-04T14:11:09-04:00 ===
Disk quotas for user djk255 (uid 1905238003): 
     Filesystem   space   quota   limit   grace   files   quota   limit   grace
communis.lcsr.rutgers.edu:/common/home
                 32671M  51200M  51200M            232k       0       0        
eternal.lcsr.rutgers.edu:/common/users
                     0K    250G    250G               1       0       0        
1.1G	runs/full_report_run_4model
=== 2026-09-04T14:16:10-04:00 ===
Disk quotas for user djk255 (uid 1905238003): 
     Filesystem   space   quota   limit   grace   files   quota   limit   grace
communis.lcsr.rutgers.edu:/common/home
                 32671M  51200M  51200M            232k       0       0        
eternal.lcsr.rutgers.edu:/common/users
                     0K    250G    250G               1       0       0        
1.1G	runs/full_report_run_4model
=== 2026-09-04T14:21:10-04:00 ===
Disk quotas for user djk255 (uid 1905238003): 
     Filesystem   space   quota   limit   grace   files   quota   limit   grace
communis.lcsr.rutgers.edu:/common/home
                 32671M  51200M  51200M            232k       0       0        
eternal.lcsr.rutgers.edu:/common/users
                     0K    250G    250G               1       0       0        
1.1G	runs/full_report_run_4model
=== 2026-09-04T14:26:11-04:00 ===
Disk quotas for user djk255 (uid 1905238003): 
     Filesystem   space   quota   limit   grace   files   quota   limit   grace
communis.lcsr.rutgers.edu:/common/home
                 32673M  51200M  51200M            232k       0       0        
eternal.lcsr.rutgers.edu:/common/users
                     0K    250G    250G               1       0       0        
1.1G	runs/full_report_run_4model
=== 2026-09-04T14:31:11-04:00 ===
Disk quotas for user djk255 (uid 1905238003): 
     Filesystem   space   quota   limit   grace   files   quota   limit   grace
communis.lcsr.rutgers.edu:/common/home
                 32673M  51200M  51200M            232k       0       0        
eternal.lcsr.rutgers.edu:/common/users
                     0K    250G    250G               1       0       0        
1.1G	runs/full_report_run_4model
=== 2026-09-04T14:36:11-04:00 ===
Disk quotas for user djk255 (uid 1905238003): 
     Filesystem   space   quota   limit   grace   files   quota   limit   grace
communis.lcsr.rutgers.edu:/common/home
                 32740M  51200M  51200M            232k       0       0        
eternal.lcsr.rutgers.edu:/common/users
                     0K    250G    250G               1       0       0        
1.2G	runs/full_report_run_4model
=== 2026-09-04T14:41:12-04:00 ===
Disk quotas for user djk255 (uid 1905238003): 
     Filesystem   space   quota   limit   grace   files   quota   limit   grace
communis.lcsr.rutgers.edu:/common/home
                 32740M  51200M  51200M            232k       0       0        
eternal.lcsr.rutgers.edu:/common/users
                     0K    250G    250G               1       0       0        
1.2G	runs/full_report_run_4model
=== 2026-09-04T14:46:12-04:00 ===
Disk quotas for user djk255 (uid 1905238003): 
     Filesystem   space   quota   limit   grace   files   quota   limit   grace
communis.lcsr.rutgers.edu:/common/home
                 32806M  51200M  51200M            232k       0       0        
eternal.lcsr.rutgers.edu:/common/users
                     0K    250G    250G               1       0       0        
1.2G	runs/full_report_run_4model
=== 2026-09-04T14:51:13-04:00 ===
Disk quotas for user djk255 (uid 1905238003): 
     Filesystem   space   quota   limit   grace   files   quota   limit   grace
communis.lcsr.rutgers.edu:/common/home
                 32806M  51200M  51200M            232k       0       0        
eternal.lcsr.rutgers.edu:/common/users
                     0K    250G    250G               1       0       0        
1.2G	runs/full_report_run_4model
=== 2026-09-04T14:56:13-04:00 ===
Disk quotas for user djk255 (uid 1905238003): 
     Filesystem   space   quota   limit   grace   files   quota   limit   grace
communis.lcsr.rutgers.edu:/common/home
                 32825M  51200M  51200M            232k       0       0        
eternal.lcsr.rutgers.edu:/common/users
                     0K    250G    250G               1       0       0        
1.2G	runs/full_report_run_4model
=== 2026-09-04T15:01:13-04:00 ===
Disk quotas for user djk255 (uid 1905238003): 
     Filesystem   space   quota   limit   grace   files   quota   limit   grace
communis.lcsr.rutgers.edu:/common/home
                 32890M  51200M  51200M            232k       0       0        
eternal.lcsr.rutgers.edu:/common/users
                     0K    250G    250G               1       0       0        
1.3G	runs/full_report_run_4model
=== 2026-09-04T15:06:14-04:00 ===
Disk quotas for user djk255 (uid 1905238003): 
     Filesystem   space   quota   limit   grace   files   quota   limit   grace
communis.lcsr.rutgers.edu:/common/home
                 32955M  51200M  51200M            232k       0       0        
eternal.lcsr.rutgers.edu:/common/users
                     0K    250G    250G               1       0       0        
1.4G	runs/full_report_run_4model
=== 2026-09-04T15:11:14-04:00 ===
Disk quotas for user djk255 (uid 1905238003): 
     Filesystem   space   quota   limit   grace   files   quota   limit   grace
communis.lcsr.rutgers.edu:/common/home
                 32955M  51200M  51200M            232k       0       0        
eternal.lcsr.rutgers.edu:/common/users
                     0K    250G    250G               1       0       0        
1.4G	runs/full_report_run_4model
=== 2026-09-04T15:16:15-04:00 ===
Disk quotas for user djk255 (uid 1905238003): 
     Filesystem   space   quota   limit   grace   files   quota   limit   grace
communis.lcsr.rutgers.edu:/common/home
                 33000M  51200M  51200M            232k       0       0        
eternal.lcsr.rutgers.edu:/common/users
                     0K    250G    250G               1       0       0        
1.4G	runs/full_report_run_4model
=== 2026-09-04T15:21:15-04:00 ===
Disk quotas for user djk255 (uid 1905238003): 
     Filesystem   space   quota   limit   grace   files   quota   limit   grace
communis.lcsr.rutgers.edu:/common/home
                 33044M  51200M  51200M            232k       0       0        
eternal.lcsr.rutgers.edu:/common/users
                     0K    250G    250G               1       0       0        
1.5G	runs/full_report_run_4model
=== 2026-09-04T15:26:16-04:00 ===
Disk quotas for user djk255 (uid 1905238003): 
     Filesystem   space   quota   limit   grace   files   quota   limit   grace
communis.lcsr.rutgers.edu:/common/home
                 33088M  51200M  51200M            233k       0       0        
eternal.lcsr.rutgers.edu:/common/users
                     0K    250G    250G               1       0       0        
1.5G	runs/full_report_run_4model
=== 2026-09-04T15:31:16-04:00 ===
Disk quotas for user djk255 (uid 1905238003): 
     Filesystem   space   quota   limit   grace   files   quota   limit   grace
communis.lcsr.rutgers.edu:/common/home
                 33113M  51200M  51200M            233k       0       0        
eternal.lcsr.rutgers.edu:/common/users
                     0K    250G    250G               1       0       0        
1.5G	runs/full_report_run_4model
=== 2026-09-04T15:36:17-04:00 ===
Disk quotas for user djk255 (uid 1905238003): 
     Filesystem   space   quota   limit   grace   files   quota   limit   grace
communis.lcsr.rutgers.edu:/common/home
                 33113M  51200M  51200M            233k       0       0        
eternal.lcsr.rutgers.edu:/common/users
                     0K    250G    250G               1       0       0        
1.5G	runs/full_report_run_4model
=== 2026-09-04T15:41:17-04:00 ===
Disk quotas for user djk255 (uid 1905238003): 
     Filesystem   space   quota   limit   grace   files   quota   limit   grace
communis.lcsr.rutgers.edu:/common/home
                 33157M  51200M  51200M            233k       0       0        
eternal.lcsr.rutgers.edu:/common/users
                     0K    250G    250G               1       0       0        
1.6G	runs/full_report_run_4model
=== 2026-09-04T15:46:18-04:00 ===
Disk quotas for user djk255 (uid 1905238003): 
     Filesystem   space   quota   limit   grace   files   quota   limit   grace
communis.lcsr.rutgers.edu:/common/home
                 33200M  51200M  51200M            233k       0       0        
eternal.lcsr.rutgers.edu:/common/users
                     0K    250G    250G               1       0       0        
1.6G	runs/full_report_run_4model
=== 2026-09-04T15:51:18-04:00 ===
Disk quotas for user djk255 (uid 1905238003): 
     Filesystem   space   quota   limit   grace   files   quota   limit   grace
communis.lcsr.rutgers.edu:/common/home
                 33232M  51200M  51200M            233k       0       0        
eternal.lcsr.rutgers.edu:/common/users
                     0K    250G    250G               1       0       0        
1.6G	runs/full_report_run_4model
=== 2026-09-04T15:56:18-04:00 ===
Disk quotas for user djk255 (uid 1905238003): 
     Filesystem   space   quota   limit   grace   files   quota   limit   grace
communis.lcsr.rutgers.edu:/common/home
                 33265M  51200M  51200M            233k       0       0        
eternal.lcsr.rutgers.edu:/common/users
                     0K    250G    250G               1       0       0        
1.7G	runs/full_report_run_4model
=== 2026-09-04T16:01:19-04:00 MONITOR EXITING: PID 1508969 no longer running ===
